stretch tree of depth 7	 check: 255
64	 trees of depth 4	 check: 1984
16	 trees of depth 6	 check: 2032
long lived tree of depth 6	 check: 127
